[22:35:13] [ServerMain/INFO]: Environment: authHost='https://authserver.mojang.com', accountsHost='https://api.mojang.com', sessionHost='https://sessionserver.mojang.com', servicesHost='https://api.minecraftservices.com', name='PROD'
[22:35:15] [ServerMain/INFO]: Loaded 7 recipes
[22:35:16] [Server thread/INFO]: Starting minecraft server version 1.20.1
[22:35:16] [Server thread/INFO]: Loading properties
[22:35:16] [Server thread/INFO]: This server is running Paper version git-Paper-196 (MC: 1.20.1) (Implementing API version 1.20.1-R0.1-SNAPSHOT) (Git: 773dd72)
[22:35:17] [Server thread/INFO]: Server Ping Player Sample Count: 12
[22:35:17] [Server thread/INFO]: Using 4 threads for Netty based IO
[22:35:17] [Server thread/WARN]: [!] The timings profiler has been enabled but has been scheduled for removal from Paper in the future.
    We recommend installing the spark profiler as a replacement: https://spark.lucko.me/
    For more information please visit: https://github.com/PaperMC/Paper/issues/8948
[22:35:17] [Server thread/INFO]: [ChunkTaskScheduler] Chunk system is using 1 I/O threads, 1 worker threads, and gen parallelism of 1 threads
[22:35:17] [Server thread/INFO]: Default game type: SURVIVAL
[22:35:17] [Server thread/INFO]: Generating keypair
[22:35:17] [Server thread/INFO]: Starting Minecraft server on *:25565
[22:35:17] [Server thread/INFO]: Using epoll channel type
[22:35:17] [Server thread/INFO]: Paper: Using libdeflate (Linux x86_64) compression from Velocity.
[22:35:17] [Server thread/INFO]: Paper: Using OpenSSL 3.0.x (Linux x86_64) cipher from Velocity.
[22:35:17] [Server thread/INFO]: Server permissions file permissions.yml is empty, ignoring it
[22:35:17] [Server thread/WARN]: **** SERVER IS RUNNING IN OFFLINE/INSECURE MODE!
[22:35:17] [Server thread/WARN]: The server will make no attempt to authenticate usernames. Beware.
[22:35:17] [Server thread/WARN]: While this makes the game possible to play without internet access, it also opens up the ability for hackers to connect with any username they choose.
[22:35:17] [Server thread/WARN]: To change this, set "online-mode" to "true" in the server.properties file.
[22:35:17] [Server thread/INFO]: Preparing level "world"
[22:35:18] [Server thread/INFO]: Preparing start region for dimension minecraft:overworld
[22:35:19] [Server thread/INFO]: Time elapsed: 625 ms
[22:35:19] [Server thread/INFO]: Preparing start region for dimension minecraft:the_nether
[22:35:19] [Server thread/INFO]: Time elapsed: 83 ms
[22:35:19] [Server thread/INFO]: Preparing start region for dimension minecraft:the_end
[22:35:19] [Server thread/INFO]: Time elapsed: 105 ms
[22:35:19] [Server thread/INFO]: Running delayed init tasks
[22:35:19] [Server thread/INFO]: Done (2.933s)! For help, type "help"
[22:35:19] [Server thread/INFO]: Timings Reset
[22:37:03] [User Authenticator #0/INFO]: UUID of player FrankAle774 is 3583b7f5-fd64-3d0a-b6c1-ccf2c807ec1e
[22:37:03] [Server thread/INFO]: FrankAle774 joined the game
[22:37:03] [Server thread/INFO]: FrankAle774[/127.30.136.168:43163] logged in with entity id 224 at ([world]-35.5, 64.0, -81.5)
[22:37:33] [Server thread/INFO]: Unknown command. Type "/help" for help.
[22:39:50] [User Authenticator #1/INFO]: UUID of player zTrySantiago_XO is 77acf0b0-8f81-3ef1-8323-78f798255cfa
[22:39:50] [Server thread/INFO]: zTrySantiago_XO joined the game
[22:39:50] [Server thread/INFO]: zTrySantiago_XO[/127.114.208.134:51007] logged in with entity id 867 at ([world]-28.5, 89.0, -71.5)
[22:40:39] [Server thread/INFO]: zTrySantiago_XO issued server command: /tp FrankAle774
[22:40:39] [Server thread/INFO]: [zTrySantiago_XO: Teleported zTrySantiago_XO to FrankAle774]
[22:41:08] [Server thread/INFO]: zTrySantiago_XO issued server command: /tp FrankAle774 zTrySantiago_XO
[22:41:08] [Server thread/INFO]: [zTrySantiago_XO: Teleported FrankAle774 to zTrySantiago_XO]
[22:41:19] [Server thread/INFO]: zTrySantiago_XO issued server command: /gamemode survival FrankAle774
[22:41:26] [Server thread/INFO]: FrankAle774 was doomed to fall by zTrySantiago_XO
[22:41:31] [Server thread/INFO]: zTrySantiago_XO issued server command: /gamemode survival FrankAle774
[22:41:31] [Server thread/INFO]: [zTrySantiago_XO: Set FrankAle774's game mode to Survival Mode]
[22:41:37] [Server thread/INFO]: zTrySantiago_XO issued server command: /tp FrankAle774 zTrySantiago_XO
[22:41:37] [Server thread/INFO]: [zTrySantiago_XO: Teleported FrankAle774 to zTrySantiago_XO]
[22:42:36] [Server thread/INFO]: zTrySantiago_XO issued server command: /op FrankAle774
[22:42:36] [Server thread/INFO]: [zTrySantiago_XO: Made FrankAle774 a server operator]
[22:42:37] [Server thread/INFO]: FrankAle774 issued server command: /gamemode creative
[22:42:37] [Server thread/INFO]: [FrankAle774: Set own game mode to Creative Mode]
[22:44:17] [Server thread/INFO]: [@: Successfully filled 1 block(s)]
[22:45:27] [Server thread/INFO]: [@: Changed the block at -24, 89, -73]
[22:45:35] [Server thread/INFO]: [@: Changed the block at -24, 89, -73]
[22:47:25] [Server thread/INFO]: FrankAle774 issued server command: /scoreboard objectives add muerto
[22:47:29] [Server thread/INFO]: FrankAle774 issued server command: /scoreboard objectives add muerto dummy
[22:47:29] [Server thread/INFO]: [FrankAle774: Created new objective [muerto]]
[22:47:34] [Server thread/INFO]: FrankAle774 issued server command: /team add death
[22:47:34] [Server thread/INFO]: [FrankAle774: Created team [death]]
[22:47:55] [Server thread/INFO]: zTrySantiago_XO issued server command: /scoreboard objectives add muertes deathCount
[22:48:39] [Server thread/INFO]: FrankAle774 issued server command: /execute as @a[nbt={DeathTime:20s}] at @s run summon item ~ ~ ~ {Item:{id:"minecraft:player_head",Count:1b,tag:{SkullOwner:"<nombre>"}}}
[22:49:04] [Server thread/INFO]: FrankAle774 issued server command: /scoreboard objectives add deathDetect deathCount
[22:49:04] [Server thread/INFO]: [FrankAle774: Created new objective [deathDetect]]
[22:51:11] [Server thread/INFO]: [@: Showing new title for 2 players]
[22:51:11] [Server thread/INFO]: [zTrySantiago_XO: Showing new subtitle for 2 players]
[22:51:11] [Server thread/INFO]: [FrankAle774: Showing new subtitle for 2 players]
[22:51:11] [Server thread/INFO]: [zTrySantiago_XO: Played sound minecraft:entity.lightning_bolt.thunder to zTrySantiago_XO]
[22:51:11] [Server thread/INFO]: [FrankAle774: Played sound minecraft:entity.lightning_bolt.thunder to FrankAle774]
[22:51:11] [Server thread/INFO]: [zTrySantiago_XO: Reset [muertes] for zTrySantiago_XO]
[22:51:11] [Server thread/INFO]: [FrankAle774: Reset [muertes] for FrankAle774]
[22:51:34] [Server thread/INFO]: zTrySantiago_XO issued server command: /kill
[22:51:34] [Server thread/INFO]: zTrySantiago_XO was killed
[22:51:34] [Server thread/INFO]: [zTrySantiago_XO: Killed zTrySantiago_XO]
[22:51:34] [Server thread/INFO]: [zTrySantiago_XO: Summoned new Player Head]
[22:51:34] [Server thread/INFO]: [zTrySantiago_XO: Summoned new Player Head]
[22:51:34] [Server thread/INFO]: [zTrySantiago_XO: Gave 1 [@s's Head] to zTrySantiago_XO]
[22:51:34] [Server thread/INFO]: [zTrySantiago_XO: Summoned new Player Head]
[22:51:34] [Server thread/INFO]: [@: Set [deathDetect] for zTrySantiago_XO to 0]
[22:51:34] [Server thread/INFO]: [@: Showing new title for 2 players]
[22:51:34] [Server thread/INFO]: [zTrySantiago_XO: Showing new subtitle for 2 players]
[22:51:34] [Server thread/INFO]: [zTrySantiago_XO: Played sound minecraft:entity.lightning_bolt.thunder to zTrySantiago_XO]
[22:51:34] [Server thread/INFO]: [FrankAle774: Played sound minecraft:entity.lightning_bolt.thunder to FrankAle774]
[22:51:34] [Server thread/INFO]: [zTrySantiago_XO: Reset [muertes] for zTrySantiago_XO]
[22:51:42] [Server thread/INFO]: zTrySantiago_XO issued server command: /gamemode survival
[22:51:42] [Server thread/INFO]: [zTrySantiago_XO: Set own game mode to Survival Mode]
[22:51:46] [Server thread/INFO]: zTrySantiago_XO issued server command: /gamemode creative
[22:51:46] [Server thread/INFO]: [zTrySantiago_XO: Set own game mode to Creative Mode]
[22:52:18] [Server thread/INFO]: FrankAle774 issued server command: /fill ~ ~ ~ ~2 ~ ~ minecraft:repeating_command_block{Command:"execute as Fundox[scores={deathDetect=1..}] at @s run summon item ~ ~ ~ {Item:{id:\\\"minecraft:player_head\\\",Count:1b,tag:{SkullOwner:\\\"Fundox\\\"}}}",auto:1b}
[22:52:18] [Server thread/INFO]: [FrankAle774: Successfully filled 3 block(s)]
[22:52:20] [Server thread/INFO]: zTrySantiago_XO issued server command: /kill
[22:52:20] [Server thread/INFO]: zTrySantiago_XO was killed
[22:52:20] [Server thread/INFO]: [zTrySantiago_XO: Killed zTrySantiago_XO]
[22:52:20] [Server thread/INFO]: [@: Showing new title for 2 players]
[22:52:20] [Server thread/INFO]: [zTrySantiago_XO: Showing new subtitle for 2 players]
[22:52:20] [Server thread/INFO]: [FrankAle774: Played sound minecraft:entity.lightning_bolt.thunder to FrankAle774]
[22:52:20] [Server thread/INFO]: [zTrySantiago_XO: Played sound minecraft:entity.lightning_bolt.thunder to zTrySantiago_XO]
[22:52:20] [Server thread/INFO]: [zTrySantiago_XO: Reset [muertes] for zTrySantiago_XO]
[22:52:32] [Server thread/INFO]: zTrySantiago_XO issued server command: /gamemode creative
[22:52:32] [Server thread/INFO]: [zTrySantiago_XO: Set own game mode to Creative Mode]
[22:52:45] [Server thread/INFO]: zTrySantiago_XO issued server command: /gamemode creative
[22:52:50] [Server thread/INFO]: zTrySantiago_XO issued server command: /gamemode creative
[22:52:51] [Server thread/INFO]: zTrySantiago_XO issued server command: /kill
[22:52:51] [Server thread/INFO]: zTrySantiago_XO was killed
[22:52:51] [Server thread/INFO]: [zTrySantiago_XO: Killed zTrySantiago_XO]
[22:52:51] [Server thread/INFO]: [@: Showing new title for 2 players]
[22:52:51] [Server thread/INFO]: [zTrySantiago_XO: Showing new subtitle for 2 players]
[22:52:51] [Server thread/INFO]: [FrankAle774: Played sound minecraft:entity.lightning_bolt.thunder to FrankAle774]
[22:52:51] [Server thread/INFO]: [zTrySantiago_XO: Played sound minecraft:entity.lightning_bolt.thunder to zTrySantiago_XO]
[22:52:51] [Server thread/INFO]: [zTrySantiago_XO: Reset [muertes] for zTrySantiago_XO]
[22:53:29] [Server thread/INFO]: zTrySantiago_XO issued server command: /gamemode creative
[22:53:29] [Server thread/INFO]: [zTrySantiago_XO: Set own game mode to Creative Mode]
[22:54:10] [Server thread/INFO]: FrankAle774 issued server command: /fill ~ ~ ~ ~2 ~ ~ minecraft:repeating_command_block[facing=east]{Command:"execute as FrankAle774[scores={deathDetect=1..}] at @s run summon item ~ ~ ~ {Item:{id:\\\"minecraft:player_head\\\",Count:1b,tag:{SkullOwner:\\\"FrankAle774\\\"}}}",auto:1b}
[22:54:10] [Server thread/INFO]: [FrankAle774: Successfully filled 3 block(s)]
